// Jest Snapshot v1, https://goo.gl/fbAQLP

exports[`Search button Matches the snapshot 1`] = `
<button
  class="sc-beyTiQ iwJzVu sc-dmyDmy hVEAxv"
  type="submit"
>
  search
</button>
`;

exports[`Search input Matches the snapshot 1`] = `
<input
  class="sc-guDMob hntGaG"
  name="search"
  placeholder="What do you want to watch?"
  type="search"
/>
`;
